---
source: crates/frob/tests/cli.rs
expression: v
---
{
  "already": false,
  "data": {
    "cache": {
      "artifacts": 0,
      "dir": "[path]",
      "findings": 0,
      "repo_rule": 0,
      "state": "ok"
    },
    "config": {
      "error": null,
      "missing_knobs": 14,
      "path": "[path]",
      "present": false
    },
    "git": {
      "branch": "[branch]",
      "discovered": true,
      "error": null,
      "head": null,
      "linked_worktree": false,
      "root": "[path]"
    },
    "ledger": {
      "error": "[error]",
      "oid": null,
      "reachable": false,
      "ref": "refs/heads/main"
    },
    "toolchain": {
      "cargo": "[version]",
      "rustc": "[version]"
    }
  },
  "error": null,
  "findings": [
    {
      "column": null,
      "file": null,
      "fingerprint": "bf7aeffce159c7ab8136480aa9b4f952041bcda283ad105389da421a5c2aae39",
      "fix": null,
      "line": null,
      "message": "missing materialized knob `check.fail_on` in frob.toml (default \"error\"); run `frob init` (or `frob config sync`) to write it",
      "required": null,
      "rule": "CFG001",
      "severity": "error",
      "slug": "missing-materialized-knob"
    },
    {
      "column": null,
      "file": null,
      "fingerprint": "2e80b8222364328d03366557ff5bcd18d7e68b444c4312546c64d52c2e64f173",
      "fix": null,
      "line": null,
      "message": "missing materialized knob `check.fail_on_unresolved` in frob.toml (default \"required\"); run `frob init` (or `frob config sync`) to write it",
      "required": null,
      "rule": "CFG001",
      "severity": "error",
      "slug": "missing-materialized-knob"
    },
    {
      "column": null,
      "file": null,
      "fingerprint": "d1b5c6596eff86185210704f3751b4a4c867db05ebf24b2207b0666da13ce90b",
      "fix": null,
      "line": null,
      "message": "missing materialized knob `check.sibling_timeout_secs` in frob.toml (default 120); run `frob init` (or `frob config sync`) to write it",
      "required": null,
      "rule": "CFG001",
      "severity": "error",
      "slug": "missing-materialized-knob"
    },
    {
      "column": null,
      "file": null,
      "fingerprint": "2e9bdb4a036957a2a7eb0dc910df9502250151b17369f6ffb2acacbe5643e092",
      "fix": null,
      "line": null,
      "message": "missing materialized knob `check.require_siblings` in frob.toml (default true); run `frob init` (or `frob config sync`) to write it",
      "required": null,
      "rule": "CFG001",
      "severity": "error",
      "slug": "missing-materialized-knob"
    },
    {
      "column": null,
      "file": null,
      "fingerprint": "39dd506c897ef2136473fb91b7c0037c1bb2bea6dd991a3f914e5b1a40c10e49",
      "fix": null,
      "line": null,
      "message": "missing materialized knob `compute.public_signatures` in frob.toml (default \"warn-unresolved\"); run `frob init` (or `frob config sync`) to write it",
      "required": null,
      "rule": "CFG001",
      "severity": "error",
      "slug": "missing-materialized-knob"
    },
    {
      "column": null,
      "file": null,
      "fingerprint": "2c94701a52951601fd62ca69fed3e4aa35fd0a7fa784a9879b92012e5193878c",
      "fix": null,
      "line": null,
      "message": "missing materialized knob `compute.effects` in frob.toml (default \"warn-unresolved\"); run `frob init` (or `frob config sync`) to write it",
      "required": null,
      "rule": "CFG001",
      "severity": "error",
      "slug": "missing-materialized-knob"
    },
    {
      "column": null,
      "file": null,
      "fingerprint": "00873b2bad0a181e549468272deb273426e3b02f0e2ef27d7961f02675c9ad86",
      "fix": null,
      "line": null,
      "message": "missing materialized knob `compute.dynamic_calls` in frob.toml (default \"warn-unresolved\"); run `frob init` (or `frob config sync`) to write it",
      "required": null,
      "rule": "CFG001",
      "severity": "error",
      "slug": "missing-materialized-knob"
    },
    {
      "column": null,
      "file": null,
      "fingerprint": "34385cd3dbb044ab21ce8200d7178a569694041a6b82da2ef15a6c28fbe493e0",
      "fix": null,
      "line": null,
      "message": "missing materialized knob `compute.expansion_steps` in frob.toml (default 1000); run `frob init` (or `frob config sync`) to write it",
      "required": null,
      "rule": "CFG001",
      "severity": "error",
      "slug": "missing-materialized-knob"
    },
    {
      "column": null,
      "file": null,
      "fingerprint": "11697ffa219751c706835037e2603facb89d102b406a5c529be60cd76a7846a2",
      "fix": null,
      "line": null,
      "message": "missing materialized knob `compute.normalization` in frob.toml (default \"warn-unresolved\"); run `frob init` (or `frob config sync`) to write it",
      "required": null,
      "rule": "CFG001",
      "severity": "error",
      "slug": "missing-materialized-knob"
    },
    {
      "column": null,
      "file": null,
      "fingerprint": "25b9dde7de4200ff1f0e2a3eb51f305cadbb4753aaf49032a67b78ebf7770c79",
      "fix": null,
      "line": null,
      "message": "missing materialized knob `compute.notebook_order` in frob.toml (default \"warn-unresolved\"); run `frob init` (or `frob config sync`) to write it",
      "required": null,
      "rule": "CFG001",
      "severity": "error",
      "slug": "missing-materialized-knob"
    },
    {
      "column": null,
      "file": null,
      "fingerprint": "418124b6acb2eb8b6889855bbe5e8ce4c64b1d9a28271be352b524953521bef3",
      "fix": null,
      "line": null,
      "message": "missing materialized knob `directives.namespaces` in frob.toml (default [\"frob\", \"grimble\", \"crunk\"]); run `frob init` (or `frob config sync`) to write it",
      "required": null,
      "rule": "CFG001",
      "severity": "error",
      "slug": "missing-materialized-knob"
    },
    {
      "column": null,
      "file": null,
      "fingerprint": "90c99256550d2cfec71a691afc61cb57e0cfe624a6b8b0f3b6b4c5037c3318e2",
      "fix": null,
      "line": null,
      "message": "missing materialized knob `git.cas_retries` in frob.toml (default 5); run `frob init` (or `frob config sync`) to write it",
      "required": null,
      "rule": "CFG001",
      "severity": "error",
      "slug": "missing-materialized-knob"
    },
    {
      "column": null,
      "file": null,
      "fingerprint": "c395b6952cfef068dbc326034997b7f329023e2eaff5ad11e2062e3977e1432d",
      "fix": null,
      "line": null,
      "message": "missing materialized knob `tickets.ref` in frob.toml (default \"refs/heads/main\"); run `frob init` (or `frob config sync`) to write it",
      "required": null,
      "rule": "CFG001",
      "severity": "error",
      "slug": "missing-materialized-knob"
    },
    {
      "column": null,
      "file": null,
      "fingerprint": "2ea2b451f086c09854e5c24dbab66445a4dabccf27039daeb7685cb5977d7584",
      "fix": null,
      "line": null,
      "message": "missing materialized knob `tickets.ref_mode` in frob.toml (default \"trunk\"); run `frob init` (or `frob config sync`) to write it",
      "required": null,
      "rule": "CFG001",
      "severity": "error",
      "slug": "missing-materialized-knob"
    }
  ],
  "ok": true,
  "schema_version": 1,
  "verb": "doctor",
  "warnings": []
}
