---
source: crates/frob/tests/cli.rs
expression: toml1
---
[check]
# Lowest severity that makes `frob check` exit 1; `none` never fails.
fail_on = "error"
# Which Unresolved findings fail the gate: `required`, `never` or `all`.
fail_on_unresolved = "required"

[directives]
# Comment namespaces the scanner reads; comments in any other are ignored.
namespaces = ["frob", "grimble", "crunk"]

[git]
# Compare-and-swap retries when moving a ledger ref.
cas_retries = 5

[tickets]
# Ref holding the ledger; the ledger merge driver and `doctor` resolve it.
ref = "refs/heads/main"
# `trunk` commits to `ref`; `branch` commits to the checked-out branch.
ref_mode = "trunk"
