---
source: crates/gob-diagnostics/tests/contract.rs
expression: out
---
{"ok":true,"data":{"n":4},"findings":[{"rule":"COV006","slug":null,"severity":"warning","file":"src/b.rs","line":1,"column":5,"message":"unused x","fingerprint":"ef58190220ffd2c62506b851fe3fb82c6764e3faba37d5a9c4f3045038512f0b","fix":null},{"rule":"DOC001","slug":null,"severity":"error","file":"src/a.rs","line":2,"column":5,"message":"bad call","fingerprint":"879283621c7e8a9c25911e61afcfa946fbf157ce620a7eec0f76f5ec17ebf6e5","fix":"remove call"},{"rule":"DOC002","slug":null,"severity":"advisory","file":"src/a.rs","line":1,"column":1,"message":"style note","fingerprint":"f0b77dd5c31d0427ea3d82778de554d85751d7df8d6478f73ca556855475c421","fix":null},{"rule":"TOOL001","slug":null,"severity":"unresolved","file":null,"line":null,"column":null,"message":"tool missing","fingerprint":"1357f80f8e17c2d133aa475f4ecf69be8d9a1e2986cee01879a8217265d3b9ec","fix":null}],"warnings":[],"error":null,"schema_version":1}
