tests/corpus/rust/basic.rs::Point
tests/corpus/rust/basic.rs::Color
tests/corpus/rust/basic.rs::Color.Red
tests/corpus/rust/basic.rs::Color.Green
tests/corpus/rust/basic.rs::Shape
tests/corpus/rust/basic.rs::Shape.area
tests/corpus/rust/basic.rs::Shape.name
tests/corpus/rust/basic.rs::Point[impl]
tests/corpus/rust/basic.rs::Point.new
tests/corpus/rust/basic.rs::Point.secret
tests/corpus/rust/basic.rs::Point[Shape]
tests/corpus/rust/basic.rs::Point.area
tests/corpus/rust/basic.rs::Point[std::fmt::Display]
tests/corpus/rust/basic.rs::Point[std::fmt::Display].fmt
tests/corpus/rust/basic.rs::Point[std::fmt::Debug]
tests/corpus/rust/basic.rs::Point[std::fmt::Debug].fmt
tests/corpus/rust/basic.rs::MAX
tests/corpus/rust/basic.rs::COUNT
tests/corpus/rust/basic.rs::Alias
tests/corpus/rust/basic.rs::shout
tests/corpus/rust/basic.rs::inner
tests/corpus/rust/basic.rs::inner.deep
tests/corpus/rust/basic.rs::inner.hidden
tests/corpus/rust/basic.rs::private_mod
tests/corpus/rust/basic.rs::private_mod.not_api
tests/corpus/rust/basic.rs::free
